00:00 +0: loading D:/Project/Flutter/trade_guardian/test/daily_rule_check_repository_test.dart
00:00 +0: D:/Project/Flutter/trade_guardian/test/database_test.dart: (setUpAll)
00:00 +0: D:/Project/Flutter/trade_guardian/test/database_test.dart: 鏁版嵁搴撳垵濮嬪寲娴嬭瘯
00:00 +1: D:/Project/Flutter/trade_guardian/test/database_test.dart: (tearDownAll)
00:00 +1: D:/Project/Flutter/trade_guardian/test/daily_rule_check_repository_test.dart: (setUpAll)
00:00 +1: D:/Project/Flutter/trade_guardian/test/daily_rule_check_repository_test.dart: DailyRuleCheckRepository 璁板綍浠婃棩纭鐘舵€?00:02 +2: D:/Project/Flutter/trade_guardian/test/daily_rule_check_repository_test.dart: (tearDownAll)
00:06 +2: D:/Project/Flutter/trade_guardian/test/trade_plan_repository_test.dart: TradePlanRepository (setUpAll)
00:06 +2: D:/Project/Flutter/trade_guardian/test/trade_plan_repository_test.dart: TradePlanRepository insert, getAll, update and delete plan
00:08 +3: D:/Project/Flutter/trade_guardian/test/trade_plan_repository_test.dart: TradePlanRepository (tearDownAll)
00:08 +3: D:/Project/Flutter/trade_guardian/test/trade_plan_test.dart: TradePlan 鍒涘缓鎴愬姛
00:14 +4: D:/Project/Flutter/trade_guardian/test/trading_rule_repository_test.dart: (setUpAll)
00:14 +4: D:/Project/Flutter/trade_guardian/test/trading_rule_repository_test.dart: TradingRuleRepository 鎻掑叆骞惰鍙栭粯璁ょ邯寰?00:15 +5: D:/Project/Flutter/trade_guardian/test/trading_rule_repository_test.dart: TradingRuleRepository 鏀寔鏂板绾緥
00:15 +6: D:/Project/Flutter/trade_guardian/test/trading_rule_test.dart: TradingRule 鍒涘缓鎴愬姛
00:15 +7: D:/Project/Flutter/trade_guardian/test/trading_rule_repository_test.dart: (tearDownAll)
00:15 +7: D:/Project/Flutter/trade_guardian/test/trading_rule_test.dart: TradingRule toMap()
00:15 +8: D:/Project/Flutter/trade_guardian/test/trading_rule_test.dart: TradingRule fromMap()
00:16 +9: All tests passed!
